{
    "std_primer_out": {
        "content": [
            [
                [
                    {
                        "id": "test",
                        "single_end": false,
                        "var_region": "16S-V3-V4"
                    },
                    "test_16S-V3-V4_std_primers.fasta:md5,f26cdc22a5231d2dbd0831f1f1983dc6"
                ]
            ]
        ],
        "meta": {
            "nf-test": "0.9.2",
            "nextflow": "24.10.4"
        },
        "timestamp": "2025-03-25T11:27:51.903776596"
    }
}